[INFO] Scanning for projects...
[INFO] 
[INFO] ----------------------< com.fashionworld:backend >----------------------
[INFO] Building backend 0.0.1-SNAPSHOT
[INFO]   from pom.xml
[INFO] --------------------------------[ jar ]---------------------------------
[INFO] 
[INFO] --- resources:3.3.1:resources (default-resources) @ backend ---
[INFO] Copying 1 resource from src\main\resources to target\classes
[INFO] Copying 0 resource from src\main\resources to target\classes
[INFO] 
[INFO] --- compiler:3.14.1:compile (default-compile) @ backend ---
[INFO] Recompiling the module because of changed source code.
[INFO] Compiling 34 source files with javac [debug parameters release 17] to target\classes
[INFO] -------------------------------------------------------------
[ERROR] COMPILATION ERROR : 
[INFO] -------------------------------------------------------------
[ERROR] /C:/Users/91780/OneDrive/Desktop/FreeLaunce/FashionWorld/backend/src/main/java/com/fashionworld/backend/controller/UserController.java:[109,35] cannot find symbol
  symbol:   class Collectors
  location: package java.util
[INFO] 1 error
[INFO] -------------------------------------------------------------
[INFO] ------------------------------------------------------------------------
[INFO] BUILD FAILURE
[INFO] ------------------------------------------------------------------------
[INFO] Total time:  7.412 s
[INFO] Finished at: 2026-04-06T10:19:28+05:30
[INFO] ------------------------------------------------------------------------
[ERROR] Failed to execute goal org.apache.maven.plugins:maven-compiler-plugin:3.14.1:compile (default-compile) on project backend: Compilation failure
[ERROR] /C:/Users/91780/OneDrive/Desktop/FreeLaunce/FashionWorld/backend/src/main/java/com/fashionworld/backend/controller/UserController.java:[109,35] cannot find symbol
[ERROR]   symbol:   class Collectors
[ERROR]   location: package java.util
[ERROR] 
[ERROR] -> [Help 1]
[ERROR] 
[ERROR] To see the full stack trace of the errors, re-run Maven with the -e switch.
[ERROR] Re-run Maven using the -X switch to enable full debug logging.
[ERROR] 
[ERROR] For more information about the errors and possible solutions, please read the following articles:
[ERROR] [Help 1] http://cwiki.apache.org/confluence/display/MAVEN/MojoFailureException
